<html>
<body>
<pre>
<h1>礦ision Build Log</h1>
<h2>Tool Versions:</h2>
IDE-Version: μVision V5.27.1.0
Copyright (C) 2019 ARM Ltd and ARM Germany GmbH. All rights reserved.
License Information: Ares Xu, Xiaomi, LIC=UB4Y8-3TNT3-21CPS-LCJY8-QE6B8-2RHFX
 
Tool Versions:
Toolchain:       MDK-ARM Professional  Version: 5.27.1.0
Toolchain Path:  D:\ProgramFiles\Keil_v5\ARM\ARMCC\Bin
C Compiler:      Armcc.exe V5.06 update 6 (build 750)
Assembler:       Armasm.exe V5.06 update 6 (build 750)
Linker/Locator:  ArmLink.exe V5.06 update 6 (build 750)
Library Manager: ArmAr.exe V5.06 update 6 (build 750)
Hex Converter:   FromElf.exe V5.06 update 6 (build 750)
CPU DLL:         SARMCM3.DLL V5.27.1.0
Dialog DLL:      DCM.DLL V1.17.2.0
Target DLL:      UL2CM3.DLL V1.162.15.0
Dialog DLL:      TCM.DLL V1.36.1.0
 
<h2>Project:</h2>
D:\Users\david\Desktop\Ares-uCOS-III\Project\YH-uCOS-III.uvprojx
Project File Date:  07/15/2019

<h2>Output:</h2>
*** Using Compiler 'V5.06 update 6 (build 750)', folder: 'D:\ProgramFiles\Keil_v5\ARM\ARMCC\Bin'
Build target 'Target 1'
compiling os_core.c...
..\User\uCOS-III\Source\os_core.c(55): warning:  #223-D: function "OS_PrioGetHighest" declared implicitly
  		OSPrioHighRdy = OS_PrioGetHighest();
..\User\uCOS-III\Source\os_core.c(71): warning:  #188-D: enumerated type mixed with another type
  		*p_err = OS_STATE_OS_RUNNING;
..\User\uCOS-III\Source\os_core.c(145): warning:  #223-D: function "OS_PrioGetHighest" declared implicitly
  	OSPrioHighRdy   = OS_PrioGetHighest();
..\User\uCOS-III\Source\os_core.c(183): warning:  #223-D: function "OSTaskCreate" declared implicitly
  	OSTaskCreate ((OS_TCB      *)  &OSIdleTaskTCB, 
..\User\uCOS-III\Source\os_core.c(265): warning:  #223-D: function "OS_PrioInsert" declared implicitly
  	OS_PrioInsert(p_tcb->prio);
..\User\uCOS-III\Source\os_core.c(352): warning:  #223-D: function "OS_PrioRemove" declared implicitly
  		OS_PrioRemove(p_tcb->prio);  //就绪列表中移除
..\User\uCOS-III\Source\os_core.c(369): warning:  #223-D: function "OS_PrioRemove" declared implicitly
  		OS_PrioRemove(p_tcb->prio);  //就绪列表中移除
..\User\uCOS-III\Source\os_core.c: 7 warnings, 0 errors
linking...
Program Size: Code=2004 RO-data=232 RW-data=64 ZI-data=6720  
".\Objects\YH-uCOS-III.axf" - 0 Error(s), 7 Warning(s).

<h2>Software Packages used:</h2>

Package Vendor: ARM
                http://www.keil.com/pack/ARM.CMSIS.5.5.1.pack
                ARM.CMSIS.5.5.1
                CMSIS (Cortex Microcontroller Software Interface Standard)
   * Component: CORE Version: 5.2.0
   * Component: Startup Version: 1.1.0

<h2>Collection of Component include folders:</h2>
  .\RTE\_Target_1
  D:\ProgramFiles\Keil_v5\ARM\PACK\ARM\CMSIS\5.5.1\CMSIS\Core\Include
  D:\ProgramFiles\Keil_v5\ARM\PACK\ARM\CMSIS\5.5.1\Device\ARM\ARMCM3\Include

<h2>Collection of Component Files used:</h2>

   * Component: ARM::CMSIS:CORE:5.2.0

   * Component: ARM::Device:Startup:1.1.0
      Include file:  Device\ARM\ARMCM3\Include\ARMCM3.h
      Source file:   Device\ARM\ARMCM3\Source\ARM\startup_ARMCM3.s
      Source file:   Device\ARM\ARMCM3\Source\system_ARMCM3.c
Build Time Elapsed:  00:00:01
</pre>
</body>
</html>
